XS1 EVT reextract log 
Python command: py -3 
Shelter: __txt_shelter_current_byte_diff_0000_0869 
 
[STEP 1] ST0000-ST0869 listed files 
[0869] ST0040.evt 
        1개 파일을 이동했습니다.
추출: ST0040.evt.txt  (241줄, 바이트코드 실행 순서)
[0869] ST0060.evt 
        1개 파일을 이동했습니다.
추출: ST0060.evt.txt  (565줄, 바이트코드 실행 순서)
[0869] ST0100.evt 
        1개 파일을 이동했습니다.
추출: ST0100.evt.txt  (269줄, 바이트코드 실행 순서)
[0869] ST0120.evt 
        1개 파일을 이동했습니다.
추출: ST0120.evt.txt  (174줄, 바이트코드 실행 순서)
[0869] ST0130.evt 
        1개 파일을 이동했습니다.
추출: ST0130.evt.txt  (156줄, 바이트코드 실행 순서)
[0869] ST0140.evt 
        1개 파일을 이동했습니다.
추출: ST0140.evt.txt  (250줄, 바이트코드 실행 순서)
[0869] ST0160.evt 
        1개 파일을 이동했습니다.
추출: ST0160.evt.txt  (502줄, 바이트코드 실행 순서)
[0869] ST0230.evt 
        1개 파일을 이동했습니다.
추출: ST0230.evt.txt  (42줄, 바이트코드 실행 순서)
[0869] ST0240.evt 
        1개 파일을 이동했습니다.
추출: ST0240.evt.txt  (49줄, 바이트코드 실행 순서)
[0869] ST0241.evt 
        1개 파일을 이동했습니다.
추출: ST0241.evt.txt  (51줄, 바이트코드 실행 순서)
[0869] ST0259.evt 
        1개 파일을 이동했습니다.
추출: ST0259.evt.txt  (24줄, 바이트코드 실행 순서)
[0869] ST0321.evt 
        1개 파일을 이동했습니다.
추출: ST0321.evt.txt  (12줄, 바이트코드 실행 순서)
[0869] ST0329.evt 
        1개 파일을 이동했습니다.
추출: ST0329.evt.txt  (18줄, 바이트코드 실행 순서)
[0869] ST0359.evt 
        1개 파일을 이동했습니다.
추출: ST0359.evt.txt  (19줄, 바이트코드 실행 순서)
[0869] ST0389.evt 
        1개 파일을 이동했습니다.
추출: ST0389.evt.txt  (16줄, 바이트코드 실행 순서)
[0869] ST0409.evt 
        1개 파일을 이동했습니다.
추출: ST0409.evt.txt  (11줄, 바이트코드 실행 순서)
[0869] ST0419.evt 
        1개 파일을 이동했습니다.
추출: ST0419.evt.txt  (16줄, 바이트코드 실행 순서)
[0869] ST0511.evt 
        1개 파일을 이동했습니다.
추출: ST0511.evt.txt  (186줄, 바이트코드 실행 순서)
[0869] ST0520.evt 
        1개 파일을 이동했습니다.
추출: ST0520.evt.txt  (157줄, 바이트코드 실행 순서)
[0869] ST0521.evt 
        1개 파일을 이동했습니다.
추출: ST0521.evt.txt  (193줄, 바이트코드 실행 순서)
[0869] ST0610.evt 
        1개 파일을 이동했습니다.
추출: ST0610.evt.txt  (84줄, 바이트코드 실행 순서)
[0869] ST0620.evt 
        1개 파일을 이동했습니다.
추출: ST0620.evt.txt  (141줄, 바이트코드 실행 순서)
[0869] ST0621.evt 
        1개 파일을 이동했습니다.
추출: ST0621.evt.txt  (127줄, 바이트코드 실행 순서)
[0869] ST0700.evt 
        1개 파일을 이동했습니다.
추출: ST0700.evt.txt  (8줄, 바이트코드 실행 순서)
[0869] ST0730.evt 
        1개 파일을 이동했습니다.
추출: ST0730.evt.txt  (10줄, 바이트코드 실행 순서)
[0869] ST0840.evt 
        1개 파일을 이동했습니다.
추출: ST0840.evt.txt  (51줄, 바이트코드 실행 순서)
[0869] ST0849.evt 
        1개 파일을 이동했습니다.
추출: ST0849.evt.txt  (57줄, 바이트코드 실행 순서)
[0869] ST0851.evt 
        1개 파일을 이동했습니다.
추출: ST0851.evt.txt  (21줄, 바이트코드 실행 순서)
[0869] ST0859.evt 
        1개 파일을 이동했습니다.
추출: ST0859.evt.txt  (17줄, 바이트코드 실행 순서)
 
[STEP 2] ST1000+ files 
[1000+] ST1010.evt 
추출: ST1010.evt.txt  (10줄, 바이트코드 실행 순서)
[1000+] ST1019.evt 
추출: ST1019.evt.txt  (6줄, 바이트코드 실행 순서)
[1000+] ST1020.evt 
추출: ST1020.evt.txt  (5줄, 바이트코드 실행 순서)
[1000+] ST1029.evt 
추출: ST1029.evt.txt  (5줄, 바이트코드 실행 순서)
[1000+] ST1030.evt 
추출: ST1030.evt.txt  (97줄, 바이트코드 실행 순서)
[1000+] ST1039.evt 
추출: ST1039.evt.txt  (9줄, 바이트코드 실행 순서)
[1000+] ST1040.evt 
추출: ST1040.evt.txt  (150줄, 바이트코드 실행 순서)
[1000+] ST1049.evt 
추출: ST1049.evt.txt  (13줄, 바이트코드 실행 순서)
[1000+] ST1050.evt 
추출: ST1050.evt.txt  (192줄, 바이트코드 실행 순서)
[1000+] ST1059.evt 
추출: ST1059.evt.txt  (23줄, 바이트코드 실행 순서)
[1000+] ST1060.evt 
추출: ST1060.evt.txt  (40줄, 바이트코드 실행 순서)
[1000+] ST1069.evt 
추출: ST1069.evt.txt  (13줄, 바이트코드 실행 순서)
[1000+] ST1070.evt 
추출: ST1070.evt.txt  (2줄, 바이트코드 실행 순서)
[1000+] ST1079.evt 
추출: ST1079.evt.txt  (2줄, 바이트코드 실행 순서)
[1000+] ST1080.evt 
추출: ST1080.evt.txt  (217줄, 바이트코드 실행 순서)
[1000+] ST1089.evt 
추출: ST1089.evt.txt  (2줄, 바이트코드 실행 순서)
[1000+] ST1090.evt 
추출: ST1090.evt.txt  (10줄, 바이트코드 실행 순서)
[1000+] ST1099.evt 
추출: ST1099.evt.txt  (10줄, 바이트코드 실행 순서)
[1000+] ST1100.evt 
추출: ST1100.evt.txt  (2줄, 바이트코드 실행 순서)
[1000+] ST1109.evt 
추출: ST1109.evt.txt  (2줄, 바이트코드 실행 순서)
[1000+] ST1110.evt 
추출: ST1110.evt.txt  (2줄, 바이트코드 실행 순서)
[1000+] ST1119.evt 
추출: ST1119.evt.txt  (2줄, 바이트코드 실행 순서)
[1000+] ST1210.evt 
추출: ST1210.evt.txt  (437줄, 바이트코드 실행 순서)
[1000+] ST1211.evt 
추출: ST1211.evt.txt  (321줄, 바이트코드 실행 순서)
[1000+] ST1220.evt 
추출: ST1220.evt.txt  (320줄, 바이트코드 실행 순서)
[1000+] ST1240.evt 
추출: ST1240.evt.txt  (86줄, 바이트코드 실행 순서)
[1000+] ST1250.evt 
추출: ST1250.evt.txt  (57줄, 바이트코드 실행 순서)
[1000+] ST1270.evt 
추출: ST1270.evt.txt  (2줄, 바이트코드 실행 순서)
[1000+] ST1410.evt 
추출: ST1410.evt.txt  (3줄, 바이트코드 실행 순서)
[1000+] ST1419.evt 
추출: ST1419.evt.txt  (7줄, 바이트코드 실행 순서)
[1000+] ST1420.evt 
추출: ST1420.evt.txt  (8줄, 바이트코드 실행 순서)
[1000+] ST1429.evt 
추출: ST1429.evt.txt  (8줄, 바이트코드 실행 순서)
[1000+] ST1430.evt 
추출: ST1430.evt.txt  (8줄, 바이트코드 실행 순서)
[1000+] ST1439.evt 
추출: ST1439.evt.txt  (8줄, 바이트코드 실행 순서)
[1000+] ST1440.evt 
추출: ST1440.evt.txt  (18줄, 바이트코드 실행 순서)
[1000+] ST1449.evt 
추출: ST1449.evt.txt  (18줄, 바이트코드 실행 순서)
[1000+] ST1450.evt 
추출: ST1450.evt.txt  (13줄, 바이트코드 실행 순서)
[1000+] ST1459.evt 
추출: ST1459.evt.txt  (15줄, 바이트코드 실행 순서)
[1000+] ST1460.evt 
추출: ST1460.evt.txt  (9줄, 바이트코드 실행 순서)
[1000+] ST1469.evt 
추출: ST1469.evt.txt  (9줄, 바이트코드 실행 순서)
[1000+] ST1470.evt 
추출: ST1470.evt.txt  (12줄, 바이트코드 실행 순서)
[1000+] ST1479.evt 
추출: ST1479.evt.txt  (12줄, 바이트코드 실행 순서)
[1000+] ST1480.evt 
추출: ST1480.evt.txt  (3줄, 바이트코드 실행 순서)
[1000+] ST1489.evt 
추출: ST1489.evt.txt  (3줄, 바이트코드 실행 순서)
[1000+] ST1490.evt 
추출: ST1490.evt.txt  (31줄, 바이트코드 실행 순서)
[1000+] ST1499.evt 
추출: ST1499.evt.txt  (31줄, 바이트코드 실행 순서)
[1000+] ST1500.evt 
추출: ST1500.evt.txt  (12줄, 바이트코드 실행 순서)
[1000+] ST1509.evt 
추출: ST1509.evt.txt  (12줄, 바이트코드 실행 순서)
[1000+] ST1510.evt 
추출: ST1510.evt.txt  (16줄, 바이트코드 실행 순서)
[1000+] ST1519.evt 
추출: ST1519.evt.txt  (16줄, 바이트코드 실행 순서)
[1000+] ST1520.evt 
추출: ST1520.evt.txt  (2줄, 바이트코드 실행 순서)
[1000+] ST1529.evt 
추출: ST1529.evt.txt  (6줄, 바이트코드 실행 순서)
[1000+] ST1530.evt 
추출: ST1530.evt.txt  (2줄, 바이트코드 실행 순서)
[1000+] ST1539.evt 
추출: ST1539.evt.txt  (2줄, 바이트코드 실행 순서)
[1000+] ST1540.evt 
추출: ST1540.evt.txt  (2줄, 바이트코드 실행 순서)
[1000+] ST1549.evt 
추출: ST1549.evt.txt  (2줄, 바이트코드 실행 순서)
[1000+] ST1710.evt 
추출: ST1710.evt.txt  (170줄, 바이트코드 실행 순서)
[1000+] ST1712.evt 
추출: ST1712.evt.txt  (215줄, 바이트코드 실행 순서)
[1000+] ST1713.evt 
추출: ST1713.evt.txt  (95줄, 바이트코드 실행 순서)
[1000+] ST1720.evt 
추출: ST1720.evt.txt  (3줄, 바이트코드 실행 순서)
[1000+] ST1730.evt 
추출: ST1730.evt.txt  (3줄, 바이트코드 실행 순서)
[1000+] ST1731.evt 
추출: ST1731.evt.txt  (5줄, 바이트코드 실행 순서)
[1000+] ST1732.evt 
추출: ST1732.evt.txt  (3줄, 바이트코드 실행 순서)
[1000+] ST1733.evt 
추출: ST1733.evt.txt  (3줄, 바이트코드 실행 순서)
[1000+] ST1740.evt 
추출: ST1740.evt.txt  (121줄, 바이트코드 실행 순서)
[1000+] ST1741.evt 
추출: ST1741.evt.txt  (136줄, 바이트코드 실행 순서)
[1000+] ST1742.evt 
추출: ST1742.evt.txt  (250줄, 바이트코드 실행 순서)
[1000+] ST1743.evt 
추출: ST1743.evt.txt  (130줄, 바이트코드 실행 순서)
[1000+] ST1750.evt 
추출: ST1750.evt.txt  (155줄, 바이트코드 실행 순서)
[1000+] ST1751.evt 
추출: ST1751.evt.txt  (38줄, 바이트코드 실행 순서)
[1000+] ST1752.evt 
추출: ST1752.evt.txt  (154줄, 바이트코드 실행 순서)
[1000+] ST1753.evt 
추출: ST1753.evt.txt  (109줄, 바이트코드 실행 순서)
[1000+] ST1760.evt 
추출: ST1760.evt.txt  (35줄, 바이트코드 실행 순서)
[1000+] ST1770.evt 
추출: ST1770.evt.txt  (111줄, 바이트코드 실행 순서)
[1000+] ST1772.evt 
추출: ST1772.evt.txt  (97줄, 바이트코드 실행 순서)
[1000+] ST1773.evt 
추출: ST1773.evt.txt  (47줄, 바이트코드 실행 순서)
[1000+] ST1780.evt 
추출: ST1780.evt.txt  (97줄, 바이트코드 실행 순서)
[1000+] ST1782.evt 
추출: ST1782.evt.txt  (36줄, 바이트코드 실행 순서)
[1000+] ST1783.evt 
추출: ST1783.evt.txt  (18줄, 바이트코드 실행 순서)
[1000+] ST1800.evt 
추출: ST1800.evt.txt  (222줄, 바이트코드 실행 순서)
[1000+] ST1801.evt 
추출: ST1801.evt.txt  (66줄, 바이트코드 실행 순서)
[1000+] ST1802.evt 
추출: ST1802.evt.txt  (232줄, 바이트코드 실행 순서)
[1000+] ST1803.evt 
추출: ST1803.evt.txt  (166줄, 바이트코드 실행 순서)
[1000+] ST1805.evt 
추출: ST1805.evt.txt  (124줄, 바이트코드 실행 순서)
[1000+] ST1820.evt 
추출: ST1820.evt.txt  (39줄, 바이트코드 실행 순서)
[1000+] ST1821.evt 
추출: ST1821.evt.txt  (26줄, 바이트코드 실행 순서)
[1000+] ST1822.evt 
추출: ST1822.evt.txt  (29줄, 바이트코드 실행 순서)
[1000+] ST1823.evt 
추출: ST1823.evt.txt  (29줄, 바이트코드 실행 순서)
[1000+] ST1830.evt 
추출: ST1830.evt.txt  (47줄, 바이트코드 실행 순서)
[1000+] ST1831.evt 
추출: ST1831.evt.txt  (24줄, 바이트코드 실행 순서)
[1000+] ST1832.evt 
추출: ST1832.evt.txt  (50줄, 바이트코드 실행 순서)
[1000+] ST1833.evt 
추출: ST1833.evt.txt  (39줄, 바이트코드 실행 순서)
[1000+] ST1840.evt 
추출: ST1840.evt.txt  (85줄, 바이트코드 실행 순서)
[1000+] ST1841.evt 
추출: ST1841.evt.txt  (22줄, 바이트코드 실행 순서)
[1000+] ST1842.evt 
추출: ST1842.evt.txt  (119줄, 바이트코드 실행 순서)
[1000+] ST1843.evt 
추출: ST1843.evt.txt  (84줄, 바이트코드 실행 순서)
[1000+] ST1845.evt 
추출: ST1845.evt.txt  (96줄, 바이트코드 실행 순서)
[1000+] ST1850.evt 
추출: ST1850.evt.txt  (28줄, 바이트코드 실행 순서)
[1000+] ST1851.evt 
추출: ST1851.evt.txt  (24줄, 바이트코드 실행 순서)
[1000+] ST1852.evt 
추출: ST1852.evt.txt  (20줄, 바이트코드 실행 순서)
[1000+] ST1853.evt 
추출: ST1853.evt.txt  (20줄, 바이트코드 실행 순서)
[1000+] ST1860.evt 
추출: ST1860.evt.txt  (78줄, 바이트코드 실행 순서)
[1000+] ST1861.evt 
추출: ST1861.evt.txt  (25줄, 바이트코드 실행 순서)
[1000+] ST1862.evt 
추출: ST1862.evt.txt  (94줄, 바이트코드 실행 순서)
[1000+] ST1863.evt 
추출: ST1863.evt.txt  (41줄, 바이트코드 실행 순서)
[1000+] ST1870.evt 
추출: ST1870.evt.txt  (46줄, 바이트코드 실행 순서)
[1000+] ST1871.evt 
추출: ST1871.evt.txt  (22줄, 바이트코드 실행 순서)
[1000+] ST1872.evt 
추출: ST1872.evt.txt  (27줄, 바이트코드 실행 순서)
[1000+] ST1873.evt 
추출: ST1873.evt.txt  (27줄, 바이트코드 실행 순서)
[1000+] ST1880.evt 
추출: ST1880.evt.txt  (32줄, 바이트코드 실행 순서)
[1000+] ST1881.evt 
추출: ST1881.evt.txt  (33줄, 바이트코드 실행 순서)
[1000+] ST1882.evt 
추출: ST1882.evt.txt  (32줄, 바이트코드 실행 순서)
[1000+] ST1883.evt 
추출: ST1883.evt.txt  (32줄, 바이트코드 실행 순서)
[1000+] ST1891.evt 
추출: ST1891.evt.txt  (3줄, 바이트코드 실행 순서)
[1000+] ST2010.evt 
추출: ST2010.evt.txt  (2줄, 바이트코드 실행 순서)
[1000+] ST2020.evt 
추출: ST2020.evt.txt  (66줄, 바이트코드 실행 순서)
[1000+] ST2030.evt 
추출: ST2030.evt.txt  (192줄, 바이트코드 실행 순서)
[1000+] ST2040.evt 
추출: ST2040.evt.txt  (204줄, 바이트코드 실행 순서)
[1000+] ST2041.evt 
추출: ST2041.evt.txt  (152줄, 바이트코드 실행 순서)
[1000+] ST2050.evt 
추출: ST2050.evt.txt  (71줄, 바이트코드 실행 순서)
[1000+] ST2051.evt 
추출: ST2051.evt.txt  (52줄, 바이트코드 실행 순서)
[1000+] ST2060.evt 
추출: ST2060.evt.txt  (6줄, 바이트코드 실행 순서)
[1000+] ST2070.evt 
추출: ST2070.evt.txt  (251줄, 바이트코드 실행 순서)
[1000+] ST2080.evt 
추출: ST2080.evt.txt  (51줄, 바이트코드 실행 순서)
[1000+] ST2081.evt 
추출: ST2081.evt.txt  (45줄, 바이트코드 실행 순서)
[1000+] ST2090.evt 
추출: ST2090.evt.txt  (76줄, 바이트코드 실행 순서)
[1000+] ST2091.evt 
추출: ST2091.evt.txt  (47줄, 바이트코드 실행 순서)
[1000+] ST2100.evt 
추출: ST2100.evt.txt  (153줄, 바이트코드 실행 순서)
[1000+] ST2110.evt 
추출: ST2110.evt.txt  (1062줄, 바이트코드 실행 순서)
[1000+] ST2120.evt 
추출: ST2120.evt.txt  (161줄, 바이트코드 실행 순서)
[1000+] ST2130.evt 
추출: ST2130.evt.txt  (15줄, 바이트코드 실행 순서)
[1000+] ST2140.evt 
추출: ST2140.evt.txt  (4줄, 바이트코드 실행 순서)
[1000+] ST2150.evt 
추출: ST2150.evt.txt  (4줄, 바이트코드 실행 순서)
[1000+] ST2160.evt 
추출: ST2160.evt.txt  (223줄, 바이트코드 실행 순서)
[1000+] ST2170.evt 
추출: ST2170.evt.txt  (87줄, 바이트코드 실행 순서)
[1000+] ST2171.evt 
추출: ST2171.evt.txt  (83줄, 바이트코드 실행 순서)
[1000+] ST2180.evt 
추출: ST2180.evt.txt  (74줄, 바이트코드 실행 순서)
[1000+] ST2190.evt 
추출: ST2190.evt.txt  (48줄, 바이트코드 실행 순서)
[1000+] ST2200.evt 
추출: ST2200.evt.txt  (10줄, 바이트코드 실행 순서)
[1000+] ST2201.evt 
추출: ST2201.evt.txt  (18줄, 바이트코드 실행 순서)
[1000+] ST2210.evt 
추출: ST2210.evt.txt  (76줄, 바이트코드 실행 순서)
[1000+] ST2211.evt 
추출: ST2211.evt.txt  (135줄, 바이트코드 실행 순서)
[1000+] ST2220.evt 
추출: ST2220.evt.txt  (36줄, 바이트코드 실행 순서)
[1000+] ST2221.evt 
추출: ST2221.evt.txt  (45줄, 바이트코드 실행 순서)
[1000+] ST2230.evt 
추출: ST2230.evt.txt  (55줄, 바이트코드 실행 순서)
[1000+] ST2240.evt 
추출: ST2240.evt.txt  (105줄, 바이트코드 실행 순서)
[1000+] ST2241.evt 
추출: ST2241.evt.txt  (105줄, 바이트코드 실행 순서)
[1000+] ST2410.evt 
추출: ST2410.evt.txt  (14줄, 바이트코드 실행 순서)
[1000+] ST2419.evt 
추출: ST2419.evt.txt  (16줄, 바이트코드 실행 순서)
[1000+] ST2420.evt 
추출: ST2420.evt.txt  (13줄, 바이트코드 실행 순서)
[1000+] ST2429.evt 
추출: ST2429.evt.txt  (16줄, 바이트코드 실행 순서)
[1000+] ST2430.evt 
추출: ST2430.evt.txt  (7줄, 바이트코드 실행 순서)
[1000+] ST2439.evt 
추출: ST2439.evt.txt  (7줄, 바이트코드 실행 순서)
[1000+] ST2440.evt 
추출: ST2440.evt.txt  (9줄, 바이트코드 실행 순서)
[1000+] ST2449.evt 
추출: ST2449.evt.txt  (9줄, 바이트코드 실행 순서)
[1000+] ST2450.evt 
추출: ST2450.evt.txt  (21줄, 바이트코드 실행 순서)
[1000+] ST2459.evt 
추출: ST2459.evt.txt  (18줄, 바이트코드 실행 순서)
[1000+] ST2460.evt 
추출: ST2460.evt.txt  (15줄, 바이트코드 실행 순서)
[1000+] ST2469.evt 
추출: ST2469.evt.txt  (15줄, 바이트코드 실행 순서)
[1000+] ST2470.evt 
추출: ST2470.evt.txt  (24줄, 바이트코드 실행 순서)
[1000+] ST2479.evt 
추출: ST2479.evt.txt  (24줄, 바이트코드 실행 순서)
[1000+] ST2480.evt 
추출: ST2480.evt.txt  (15줄, 바이트코드 실행 순서)
[1000+] ST2489.evt 
추출: ST2489.evt.txt  (15줄, 바이트코드 실행 순서)
[1000+] ST2490.evt 
추출: ST2490.evt.txt  (6줄, 바이트코드 실행 순서)
[1000+] ST2499.evt 
추출: ST2499.evt.txt  (6줄, 바이트코드 실행 순서)
[1000+] ST2500.evt 
추출: ST2500.evt.txt  (19줄, 바이트코드 실행 순서)
[1000+] ST2509.evt 
추출: ST2509.evt.txt  (19줄, 바이트코드 실행 순서)
[1000+] ST2510.evt 
추출: ST2510.evt.txt  (38줄, 바이트코드 실행 순서)
[1000+] ST2519.evt 
추출: ST2519.evt.txt  (38줄, 바이트코드 실행 순서)
[1000+] ST2520.evt 
추출: ST2520.evt.txt  (11줄, 바이트코드 실행 순서)
[1000+] ST2529.evt 
추출: ST2529.evt.txt  (11줄, 바이트코드 실행 순서)
[1000+] ST2530.evt 
추출: ST2530.evt.txt  (5줄, 바이트코드 실행 순서)
[1000+] ST2539.evt 
추출: ST2539.evt.txt  (5줄, 바이트코드 실행 순서)
[1000+] ST2540.evt 
추출: ST2540.evt.txt  (7줄, 바이트코드 실행 순서)
[1000+] ST2549.evt 
추출: ST2549.evt.txt  (7줄, 바이트코드 실행 순서)
[1000+] ST2550.evt 
추출: ST2550.evt.txt  (5줄, 바이트코드 실행 순서)
[1000+] ST2559.evt 
추출: ST2559.evt.txt  (5줄, 바이트코드 실행 순서)
[1000+] ST2560.evt 
추출: ST2560.evt.txt  (27줄, 바이트코드 실행 순서)
[1000+] ST2569.evt 
추출: ST2569.evt.txt  (29줄, 바이트코드 실행 순서)
[1000+] ST2570.evt 
추출: ST2570.evt.txt  (5줄, 바이트코드 실행 순서)
[1000+] ST2579.evt 
추출: ST2579.evt.txt  (5줄, 바이트코드 실행 순서)
[1000+] ST2580.evt 
추출: ST2580.evt.txt  (5줄, 바이트코드 실행 순서)
[1000+] ST2589.evt 
추출: ST2589.evt.txt  (5줄, 바이트코드 실행 순서)
[1000+] ST2710.evt 
추출: ST2710.evt.txt  (5줄, 바이트코드 실행 순서)
[1000+] ST2711.evt 
추출: ST2711.evt.txt  (53줄, 바이트코드 실행 순서)
[1000+] ST2719.evt 
추출: ST2719.evt.txt  (4줄, 바이트코드 실행 순서)
[1000+] ST2720.evt 
추출: ST2720.evt.txt  (14줄, 바이트코드 실행 순서)
[1000+] ST2729.evt 
추출: ST2729.evt.txt  (14줄, 바이트코드 실행 순서)
[1000+] ST2730.evt 
추출: ST2730.evt.txt  (6줄, 바이트코드 실행 순서)
[1000+] ST2739.evt 
추출: ST2739.evt.txt  (6줄, 바이트코드 실행 순서)
[1000+] ST2740.evt 
추출: ST2740.evt.txt  (5줄, 바이트코드 실행 순서)
[1000+] ST2749.evt 
추출: ST2749.evt.txt  (5줄, 바이트코드 실행 순서)
[1000+] ST2750.evt 
추출: ST2750.evt.txt  (5줄, 바이트코드 실행 순서)
[1000+] ST2759.evt 
추출: ST2759.evt.txt  (5줄, 바이트코드 실행 순서)
[1000+] ST2760.evt 
추출: ST2760.evt.txt  (5줄, 바이트코드 실행 순서)
[1000+] ST2769.evt 
추출: ST2769.evt.txt  (5줄, 바이트코드 실행 순서)
[1000+] ST2770.evt 
추출: ST2770.evt.txt  (5줄, 바이트코드 실행 순서)
[1000+] ST2779.evt 
추출: ST2779.evt.txt  (5줄, 바이트코드 실행 순서)
[1000+] ST2780.evt 
추출: ST2780.evt.txt  (6줄, 바이트코드 실행 순서)
[1000+] ST2789.evt 
추출: ST2789.evt.txt  (6줄, 바이트코드 실행 순서)
[1000+] ST2790.evt 
추출: ST2790.evt.txt  (18줄, 바이트코드 실행 순서)
[1000+] ST2799.evt 
추출: ST2799.evt.txt  (20줄, 바이트코드 실행 순서)
[1000+] ST2800.evt 
추출: ST2800.evt.txt  (16줄, 바이트코드 실행 순서)
[1000+] ST2809.evt 
추출: ST2809.evt.txt  (16줄, 바이트코드 실행 순서)
[1000+] ST2810.evt 
추출: ST2810.evt.txt  (3줄, 바이트코드 실행 순서)
[1000+] ST2819.evt 
추출: ST2819.evt.txt  (3줄, 바이트코드 실행 순서)
[1000+] ST2820.evt 
추출: ST2820.evt.txt  (17줄, 바이트코드 실행 순서)
[1000+] ST2829.evt 
추출: ST2829.evt.txt  (17줄, 바이트코드 실행 순서)
[1000+] ST2830.evt 
추출: ST2830.evt.txt  (31줄, 바이트코드 실행 순서)
[1000+] ST2839.evt 
추출: ST2839.evt.txt  (31줄, 바이트코드 실행 순서)
[1000+] ST2840.evt 
추출: ST2840.evt.txt  (33줄, 바이트코드 실행 순서)
[1000+] ST2849.evt 
추출: ST2849.evt.txt  (33줄, 바이트코드 실행 순서)
[1000+] ST2860.evt 
추출: ST2860.evt.txt  (6줄, 바이트코드 실행 순서)
[1000+] ST2869.evt 
추출: ST2869.evt.txt  (9줄, 바이트코드 실행 순서)
[1000+] ST2870.evt 
추출: ST2870.evt.txt  (33줄, 바이트코드 실행 순서)
[1000+] ST2879.evt 
추출: ST2879.evt.txt  (33줄, 바이트코드 실행 순서)
[1000+] ST3010.evt 
추출: ST3010.evt.txt  (12줄, 바이트코드 실행 순서)
[1000+] ST3020.evt 
추출: ST3020.evt.txt  (16줄, 바이트코드 실행 순서)
[1000+] ST3021.evt 
추출: ST3021.evt.txt  (11줄, 바이트코드 실행 순서)
[1000+] ST3030.evt 
추출: ST3030.evt.txt  (3줄, 바이트코드 실행 순서)
[1000+] ST3040.evt 
추출: ST3040.evt.txt  (17줄, 바이트코드 실행 순서)
[1000+] ST3050.evt 
추출: ST3050.evt.txt  (7줄, 바이트코드 실행 순서)
[1000+] ST3060.evt 
추출: ST3060.evt.txt  (3줄, 바이트코드 실행 순서)
[1000+] ST3070.evt 
추출: ST3070.evt.txt  (33줄, 바이트코드 실행 순서)
[1000+] ST3080.evt 
추출: ST3080.evt.txt  (39줄, 바이트코드 실행 순서)
[1000+] ST3090.evt 
추출: ST3090.evt.txt  (29줄, 바이트코드 실행 순서)
[1000+] ST3100.evt 
추출: ST3100.evt.txt  (2줄, 바이트코드 실행 순서)
[1000+] ST3110.evt 
추출: ST3110.evt.txt  (2줄, 바이트코드 실행 순서)
[1000+] ST3120.evt 
추출: ST3120.evt.txt  (5줄, 바이트코드 실행 순서)
[1000+] ST3121.evt 
추출: ST3121.evt.txt  (5줄, 바이트코드 실행 순서)
[1000+] ST3130.evt 
추출: ST3130.evt.txt  (7줄, 바이트코드 실행 순서)
[1000+] ST3140.evt 
추출: ST3140.evt.txt  (44줄, 바이트코드 실행 순서)
[1000+] ST3150.evt 
추출: ST3150.evt.txt  (10줄, 바이트코드 실행 순서)
[1000+] ST3160.evt 
추출: ST3160.evt.txt  (2줄, 바이트코드 실행 순서)
[1000+] ST3170.evt 
추출: ST3170.evt.txt  (4줄, 바이트코드 실행 순서)
[1000+] ST9001.evt 
추출: ST9001.evt.txt  (5줄, 바이트코드 실행 순서)
[1000+] ST9002.evt 
추출: ST9002.evt.txt  (5줄, 바이트코드 실행 순서)
[1000+] ST9003.evt 
추출: ST9003.evt.txt  (6줄, 바이트코드 실행 순서)
[1000+] ST9004.evt 
추출: ST9004.evt.txt  (5줄, 바이트코드 실행 순서)
[1000+] ST9005.evt 
추출: ST9005.evt.txt  (7줄, 바이트코드 실행 순서)
[1000+] ST9006.evt 
추출: ST9006.evt.txt  (5줄, 바이트코드 실행 순서)
[1000+] ST9011.evt 
추출: ST9011.evt.txt  (5줄, 바이트코드 실행 순서)
[1000+] ST9012.evt 
추출: ST9012.evt.txt  (9줄, 바이트코드 실행 순서)
[1000+] ST9013.evt 
추출: ST9013.evt.txt  (5줄, 바이트코드 실행 순서)
[1000+] ST9014.evt 
추출: ST9014.evt.txt  (7줄, 바이트코드 실행 순서)
[1000+] ST9015.evt 
추출: ST9015.evt.txt  (5줄, 바이트코드 실행 순서)
[1000+] ST9021.evt 
추출: ST9021.evt.txt  (6줄, 바이트코드 실행 순서)
[1000+] ST9022.evt 
추출: ST9022.evt.txt  (5줄, 바이트코드 실행 순서)
[1000+] ST9023.evt 
추출: ST9023.evt.txt  (5줄, 바이트코드 실행 순서)
[1000+] ST9024.evt 
추출: ST9024.evt.txt  (5줄, 바이트코드 실행 순서)
[1000+] ST9025.evt 
추출: ST9025.evt.txt  (6줄, 바이트코드 실행 순서)
[1000+] ST9026.evt 
추출: ST9026.evt.txt  (15줄, 바이트코드 실행 순서)
[1000+] ST9051.evt 
추출: ST9051.evt.txt  (4줄, 바이트코드 실행 순서)
[1000+] ST9052.evt 
추출: ST9052.evt.txt  (4줄, 바이트코드 실행 순서)
[1000+] ST9053.evt 
추출: ST9053.evt.txt  (4줄, 바이트코드 실행 순서)
[1000+] ST9054.evt 
추출: ST9054.evt.txt  (4줄, 바이트코드 실행 순서)
[1000+] ST9055.evt 
추출: ST9055.evt.txt  (4줄, 바이트코드 실행 순서)
